// Jest Snapshot v1, https://goo.gl/fbAQLP

exports[`Snapshot TargetListPage 1`] = `
<div>
  <div
    aria-label="target list page"
    class="makeStyles-root-1"
  >
    TargetList Page
  </div>
</div>
`;
