// Jest Snapshot v1, https://goo.gl/fbAQLP

exports[`NotFoundPage snapshot 1`] = `
<div>
  <h1
    aria-label="page not found"
  >
    404 Page not found!
  </h1>
</div>
`;
