// Jest Snapshot v1, https://goo.gl/fbAQLP

exports[`CreateRuleDialog should render the create rules dialog 1`] = `
<div
  aria-hidden="true"
/>
`;
